
> beam@1.99.3 compile
> node ./node_modules/gulp/bin/gulp.js compile

[[90m23:10:35[39m] Using gulpfile ~\Desktop\Void\void\gulpfile.js
[[90m23:10:35[39m] Starting 'compile'...
[[90m23:10:35[39m] Starting [36mmonaco-typecheck[39m ...
[[90m23:10:35[39m] Starting [36mclean-out[39m ...
[[90m23:10:35[39m] Starting [36mclean-extension-configuration-editing[39m ...
[[90m23:10:35[39m] Starting [36mclean-extension-css-language-features-client[39m ...
[[90m23:10:35[39m] Starting [36mclean-extension-css-language-features-server[39m ...
[[90m23:10:35[39m] Starting [36mclean-extension-debug-auto-launch[39m ...
[[90m23:10:35[39m] Starting [36mclean-extension-debug-server-ready[39m ...
[[90m23:10:35[39m] Starting [36mclean-extension-emmet[39m ...
[[90m23:10:35[39m] Starting [36mclean-extension-extension-editing[39m ...
[[90m23:10:35[39m] Starting [36mclean-extension-git[39m ...
[[90m23:10:35[39m] Starting [36mclean-extension-git-base[39m ...
[[90m23:10:35[39m] Starting [36mclean-extension-github[39m ...
[[90m23:10:35[39m] Starting [36mclean-extension-github-authentication[39m ...
[[90m23:10:35[39m] Starting [36mclean-extension-grunt[39m ...
[[90m23:10:35[39m] Starting [36mclean-extension-gulp[39m ...
[[90m23:10:35[39m] Starting [36mclean-extension-html-language-features-client[39m ...
[[90m23:10:35[39m] Starting [36mclean-extension-html-language-features-server[39m ...
[[90m23:10:35[39m] Starting [36mclean-extension-ipynb[39m ...
[[90m23:10:35[39m] Starting [36mclean-extension-jake[39m ...
[[90m23:10:35[39m] Starting [36mclean-extension-json-language-features-client[39m ...
[[90m23:10:35[39m] Starting [36mclean-extension-json-language-features-server[39m ...
[[90m23:10:35[39m] Starting [36mclean-extension-markdown-language-features-preview-src[39m ...
[[90m23:10:35[39m] Starting [36mclean-extension-markdown-language-features[39m ...
[[90m23:10:35[39m] Starting [36mclean-extension-markdown-math[39m ...
[[90m23:10:35[39m] Starting [36mclean-extension-media-preview[39m ...
[[90m23:10:35[39m] Starting [36mclean-extension-merge-conflict[39m ...
[[90m23:10:35[39m] Starting [36mclean-extension-terminal-suggest[39m ...
[[90m23:10:35[39m] Starting [36mclean-extension-microsoft-authentication[39m ...
[[90m23:10:35[39m] Starting [36mclean-extension-notebook-renderers[39m ...
[[90m23:10:35[39m] Starting [36mclean-extension-npm[39m ...
[[90m23:10:35[39m] Starting [36mclean-extension-php-language-features[39m ...
[[90m23:10:35[39m] Starting [36mclean-extension-references-view[39m ...
[[90m23:10:35[39m] Starting [36mclean-extension-search-result[39m ...
[[90m23:10:35[39m] Starting [36mclean-extension-simple-browser[39m ...
[[90m23:10:35[39m] Starting [36mclean-extension-tunnel-forwarding[39m ...
[[90m23:10:35[39m] Starting [36mclean-extension-typescript-language-features-test-workspace[39m ...
[[90m23:10:35[39m] Starting [36mclean-extension-typescript-language-features-web[39m ...
[[90m23:10:35[39m] Starting [36mclean-extension-typescript-language-features[39m ...
[[90m23:10:35[39m] Starting [36mclean-extension-vscode-api-tests[39m ...
[[90m23:10:35[39m] Starting [36mclean-extension-vscode-colorize-tests[39m ...
[[90m23:10:35[39m] Starting [36mclean-extension-vscode-colorize-perf-tests[39m ...
[[90m23:10:35[39m] Starting [36mclean-extension-vscode-test-resolver[39m ...
[[90m23:10:35[39m] Starting [36mclean-extension-vscode-selfhost-test-provider[39m ...
[[90m23:10:35[39m] Starting [36mclean-extension-vscode-selfhost-import-aid[39m ...
[[90m23:10:35[39m] Starting [36mcompile-extension-media[39m ...
[[90m23:10:35[39m] Finished [36mclean-extension-typescript-language-features-test-workspace[39m after [35m67 ms[39m
[[90m23:10:35[39m] Starting [36mcompile-extension:typescript-language-features-test-workspace[39m ...
[[90m23:10:35[39m] Starting [32mcompilation[39m[34m extensions[39m...
[[90m23:10:35[39m] Finished [36mmonaco-typecheck[39m after [35m176 ms[39m
[[90m23:10:36[39m] Finished [32mcompilation[39m[34m extensions[39m with 0 errors after [35m1329 ms[39m
[[90m23:10:36[39m] Finished [36mcompile-extension:typescript-language-features-test-workspace[39m after [35m1391 ms[39m
[[90m23:10:36[39m] Finished [32mesbuilding extension media[39m C:\Users\Dell\Desktop\Void\void\extensions\markdown-math\esbuild.js with 0 errors.
[[90m23:10:36[39m] Finished [32mesbuilding extension media[39m C:\Users\Dell\Desktop\Void\void\extensions\markdown-language-features\esbuild-notebook.js with 0 errors.
[[90m23:10:36[39m] Finished [32mesbuilding extension media[39m C:\Users\Dell\Desktop\Void\void\extensions\simple-browser\esbuild-preview.js with 0 errors.
[[90m23:10:36[39m] Finished [32mesbuilding extension media[39m C:\Users\Dell\Desktop\Void\void\extensions\notebook-renderers\esbuild.js with 0 errors.
[[90m23:10:36[39m] Finished [32mesbuilding extension media[39m C:\Users\Dell\Desktop\Void\void\extensions\markdown-language-features\esbuild-preview.js with 0 errors.
[[90m23:10:36[39m] Finished [32mesbuilding extension media[39m C:\Users\Dell\Desktop\Void\void\extensions\ipynb\esbuild.js with 0 errors.
[[90m23:10:36[39m] Finished [36mcompile-extension-media[39m after [35m1513 ms[39m
[[90m23:10:36[39m] Finished [36mclean-extension-debug-server-ready[39m after [35m1592 ms[39m
[[90m23:10:36[39m] Starting [36mcompile-extension:debug-server-ready[39m ...
[[90m23:10:36[39m] Starting [32mcompilation[39m[34m extensions[39m...
[[90m23:10:36[39m] Finished [36mclean-extension-debug-auto-launch[39m after [35m1622 ms[39m
[[90m23:10:36[39m] Starting [36mcompile-extension:debug-auto-launch[39m ...
[[90m23:10:36[39m] Finished [36mclean-extension-extension-editing[39m after [35m1646 ms[39m
[[90m23:10:36[39m] Starting [36mcompile-extension:extension-editing[39m ...
[[90m23:10:36[39m] Finished [36mclean-extension-grunt[39m after [35m1668 ms[39m
[[90m23:10:36[39m] Starting [36mcompile-extension:grunt[39m ...
[[90m23:10:36[39m] Finished [36mclean-extension-gulp[39m after [35m1685 ms[39m
[[90m23:10:36[39m] Starting [36mcompile-extension:gulp[39m ...
[[90m23:10:36[39m] Finished [36mclean-extension-jake[39m after [35m1716 ms[39m
[[90m23:10:36[39m] Starting [36mcompile-extension:jake[39m ...
[[90m23:10:36[39m] Finished [36mclean-extension-markdown-math[39m after [35m1743 ms[39m
[[90m23:10:36[39m] Starting [36mcompile-extension:markdown-math[39m ...
[[90m23:10:36[39m] Finished [36mclean-extension-merge-conflict[39m after [35m1777 ms[39m
[[90m23:10:36[39m] Starting [36mcompile-extension:merge-conflict[39m ...
[[90m23:10:36[39m] Finished [36mclean-extension-simple-browser[39m after [35m1798 ms[39m
[[90m23:10:36[39m] Starting [36mcompile-extension:simple-browser[39m ...
[[90m23:10:36[39m] Finished [36mclean-extension-tunnel-forwarding[39m after [35m1825 ms[39m
[[90m23:10:36[39m] Starting [36mcompile-extension:tunnel-forwarding[39m ...
[[90m23:10:36[39m] Finished [36mclean-extension-vscode-colorize-tests[39m after [35m1856 ms[39m
[[90m23:10:36[39m] Starting [36mcompile-extension:vscode-colorize-tests[39m ...
[[90m23:10:36[39m] Finished [36mclean-extension-vscode-colorize-perf-tests[39m after [35m1869 ms[39m
[[90m23:10:36[39m] Starting [36mcompile-extension:vscode-colorize-perf-tests[39m ...
[[90m23:10:36[39m] Finished [36mclean-extension-vscode-selfhost-import-aid[39m after [35m1882 ms[39m
[[90m23:10:36[39m] Starting [36mcompile-extension:vscode-selfhost-import-aid[39m ...
[[90m23:10:36[39m] Finished [36mclean-extension-vscode-selfhost-test-provider[39m after [35m1896 ms[39m
[[90m23:10:36[39m] Starting [36mcompile-extension:vscode-selfhost-test-provider[39m ...
[[90m23:10:37[39m] Finished [36mclean-extension-configuration-editing[39m after [35m2104 ms[39m
[[90m23:10:37[39m] Starting [36mcompile-extension:configuration-editing[39m ...
[[90m23:10:37[39m] Finished [36mclean-extension-css-language-features-client[39m after [35m2138 ms[39m
[[90m23:10:37[39m] Starting [36mcompile-extension:css-language-features-client[39m ...
[[90m23:10:37[39m] Finished [36mclean-extension-css-language-features-server[39m after [35m2167 ms[39m
[[90m23:10:37[39m] Starting [36mcompile-extension:css-language-features-server[39m ...
[[90m23:10:37[39m] Finished [36mclean-extension-git-base[39m after [35m2185 ms[39m
[[90m23:10:37[39m] Starting [36mcompile-extension:git-base[39m ...
[[90m23:10:37[39m] Finished [36mclean-extension-github[39m after [35m2213 ms[39m
[[90m23:10:37[39m] Starting [36mcompile-extension:github[39m ...
[[90m23:10:37[39m] Finished [36mclean-extension-git[39m after [35m2248 ms[39m
[[90m23:10:37[39m] Starting [36mcompile-extension:git[39m ...
[[90m23:10:37[39m] Finished [36mclean-extension-emmet[39m after [35m2319 ms[39m
[[90m23:10:37[39m] Starting [36mcompile-extension:emmet[39m ...
[[90m23:10:37[39m] Finished [36mclean-extension-html-language-features-client[39m after [35m2373 ms[39m
[[90m23:10:37[39m] Starting [36mcompile-extension:html-language-features-client[39m ...
[[90m23:10:37[39m] Finished [36mclean-extension-json-language-features-server[39m after [35m2401 ms[39m
[[90m23:10:37[39m] Starting [36mcompile-extension:json-language-features-server[39m ...
[[90m23:10:37[39m] Finished [36mclean-extension-markdown-language-features-preview-src[39m after [35m2450 ms[39m
[[90m23:10:37[39m] Starting [36mcompile-extension:markdown-language-features-preview-src[39m ...
[[90m23:10:37[39m] Finished [36mclean-extension-media-preview[39m after [35m2459 ms[39m
[[90m23:10:37[39m] Starting [36mcompile-extension:media-preview[39m ...
[[90m23:10:37[39m] Finished [36mclean-extension-json-language-features-client[39m after [35m2501 ms[39m
[[90m23:10:37[39m] Starting [36mcompile-extension:json-language-features-client[39m ...
[[90m23:10:37[39m] Finished [36mclean-extension-ipynb[39m after [35m2567 ms[39m
[[90m23:10:37[39m] Starting [36mcompile-extension:ipynb[39m ...
[[90m23:10:37[39m] Finished [36mclean-extension-search-result[39m after [35m2606 ms[39m
[[90m23:10:37[39m] Starting [36mcompile-extension:search-result[39m ...
[[90m23:10:37[39m] Finished [36mclean-extension-notebook-renderers[39m after [35m2646 ms[39m
[[90m23:10:37[39m] Starting [36mcompile-extension:notebook-renderers[39m ...
[[90m23:10:37[39m] Finished [36mclean-extension-npm[39m after [35m2671 ms[39m
[[90m23:10:37[39m] Starting [36mcompile-extension:npm[39m ...
[[90m23:10:37[39m] Finished [36mclean-extension-references-view[39m after [35m2696 ms[39m
[[90m23:10:37[39m] Starting [36mcompile-extension:references-view[39m ...
[[90m23:10:37[39m] Finished [36mclean-extension-typescript-language-features-web[39m after [35m2714 ms[39m
[[90m23:10:37[39m] Starting [36mcompile-extension:typescript-language-features-web[39m ...
[[90m23:10:37[39m] Finished [36mclean-extension-vscode-test-resolver[39m after [35m2727 ms[39m
[[90m23:10:37[39m] Starting [36mcompile-extension:vscode-test-resolver[39m ...
[[90m23:10:37[39m] Finished [36mclean-extension-vscode-api-tests[39m after [35m2747 ms[39m
[[90m23:10:37[39m] Starting [36mcompile-extension:vscode-api-tests[39m ...
[[90m23:10:45[39m] Finished [36mclean-extension-github-authentication[39m after [35m10146 ms[39m
[[90m23:10:45[39m] Starting [36mcompile-extension:github-authentication[39m ...
[[90m23:10:45[39m] Finished [36mclean-extension-markdown-language-features[39m after [35m10170 ms[39m
[[90m23:10:45[39m] Starting [36mcompile-extension:markdown-language-features[39m ...
[[90m23:10:45[39m] Finished [36mclean-extension-microsoft-authentication[39m after [35m10222 ms[39m
[[90m23:10:45[39m] Starting [36mcompile-extension:microsoft-authentication[39m ...
[[90m23:10:45[39m] Finished [36mclean-extension-php-language-features[39m after [35m10257 ms[39m
[[90m23:10:45[39m] Starting [36mcompile-extension:php-language-features[39m ...
[[90m23:10:45[39m] Finished [36mclean-extension-typescript-language-features[39m after [35m10292 ms[39m
[[90m23:10:45[39m] Starting [36mcompile-extension:typescript-language-features[39m ...
[[90m23:10:46[39m] Finished [36mclean-extension-terminal-suggest[39m after [35m10953 ms[39m
[[90m23:10:46[39m] Starting [36mcompile-extension:terminal-suggest[39m ...
[[90m23:10:49[39m] Finished [36mclean-extension-html-language-features-server[39m after [35m14408 ms[39m
[[90m23:10:49[39m] Starting [36mcompile-extension:html-language-features-server[39m ...
[[90m23:10:49[39m] Finished [36mcompile-extension:vscode-selfhost-import-aid[39m after [35m12669 ms[39m
[[90m23:10:49[39m] Finished [36mcompile-extension:debug-server-ready[39m after [35m13091 ms[39m
[[90m23:10:49[39m] Finished [36mcompile-extension:debug-auto-launch[39m after [35m13063 ms[39m
[[90m23:10:49[39m] Finished [36mcompile-extension:grunt[39m after [35m13015 ms[39m
[[90m23:10:49[39m] Finished [36mcompile-extension:gulp[39m after [35m12998 ms[39m
[[90m23:10:49[39m] Finished [36mcompile-extension:jake[39m after [35m12966 ms[39m
[[90m23:10:49[39m] Finished [36mcompile-extension:markdown-math[39m after [35m12939 ms[39m
[[90m23:10:57[39m] Finished [36mcompile-extension:search-result[39m after [35m20165 ms[39m
[[90m23:11:00[39m] Finished [36mclean-out[39m after [35m25103 ms[39m
[[90m23:11:00[39m] Starting [36mcompile-api-proposal-names[39m ...
[[90m23:11:00[39m] Starting [32mcompilation[39m[34m api-proposal-names[39m...
[[90m23:11:00[39m] Finished [36mcompile-extension:vscode-colorize-tests[39m after [35m23251 ms[39m
[[90m23:11:00[39m] Finished [36mcompile-extension:tunnel-forwarding[39m after [35m23284 ms[39m
[[90m23:11:00[39m] Finished [36mcompile-extension:vscode-colorize-perf-tests[39m after [35m23238 ms[39m
[[90m23:11:13[39m] Finished [36mcompile-extension:simple-browser[39m after [35m36289 ms[39m
[[90m23:11:18[39m] Finished [36mcompile-extension:vscode-test-resolver[39m after [35m40756 ms[39m
[[90m23:11:24[39m] Finished [36mcompile-extension:extension-editing[39m after [35m48142 ms[39m
[[90m23:11:26[39m] Finished [36mcompile-extension:markdown-language-features-preview-src[39m after [35m48992 ms[39m
[[90m23:11:26[39m] Finished [36mcompile-extension:json-language-features-client[39m after [35m48973 ms[39m
[[90m23:11:28[39m] Finished [36mcompile-extension:html-language-features-client[39m after [35m50696 ms[39m
[[90m23:11:28[39m] Finished [36mcompile-extension:configuration-editing[39m after [35m51015 ms[39m
[[90m23:11:28[39m] Finished [36mcompile-extension:git-base[39m after [35m50934 ms[39m
[[90m23:11:28[39m] Finished [36mcompile-extension:css-language-features-client[39m after [35m51007 ms[39m
[[90m23:11:28[39m] Finished [36mcompile-extension:json-language-features-server[39m after [35m50741 ms[39m
[[90m23:11:28[39m] Finished [36mcompile-extension:php-language-features[39m after [35m42997 ms[39m
[[90m23:11:28[39m] Finished [36mcompile-extension:merge-conflict[39m after [35m51534 ms[39m
[[90m23:11:28[39m] Finished [36mcompile-extension:media-preview[39m after [35m50866 ms[39m
[[90m23:11:28[39m] Finished [36mcompile-extension:typescript-language-features-web[39m after [35m50614 ms[39m
[[90m23:11:30[39m] Finished [36mcompile-extension:references-view[39m after [35m52924 ms[39m
[[90m23:11:33[39m] Finished [36mcompile-extension:npm[39m after [35m55655 ms[39m
[[90m23:11:33[39m] Finished [36mcompile-extension:notebook-renderers[39m after [35m55686 ms[39m
[[90m23:11:36[39m] Finished [36mcompile-extension:css-language-features-server[39m after [35m59067 ms[39m
[[90m23:11:43[39m] Finished [36mcompile-extension:vscode-selfhost-test-provider[39m after [35m66693 ms[39m
[[90m23:11:43[39m] Finished [36mcompile-extension:github[39m after [35m66439 ms[39m
[[90m23:11:43[39m] Finished [36mcompile-extension:ipynb[39m after [35m66207 ms[39m
[[90m23:11:43[39m] Finished [36mcompile-extension:github-authentication[39m after [35m58683 ms[39m
[[90m23:11:47[39m] Finished [36mcompile-extension:microsoft-authentication[39m after [35m62569 ms[39m
[[90m23:11:47[39m] Finished [36mcompile-extension:vscode-api-tests[39m after [35m70080 ms[39m
[[90m23:11:50[39m] Finished [36mcompile-extension:emmet[39m after [35m73320 ms[39m
[[90m23:11:50[39m] Finished [36mcompile-extension:html-language-features-server[39m after [35m61287 ms[39m
[[90m23:11:50[39m] Finished [36mcompile-extension:git[39m after [35m73516 ms[39m
[[90m23:11:50[39m] Finished [32mcompilation[39m[34m api-proposal-names[39m with 0 errors after [35m50730 ms[39m
[[90m23:11:50[39m] Finished [36mcompile-api-proposal-names[39m after [35m50729 ms[39m
[[90m23:11:50[39m] Starting [36mcompile-src[39m ...
[[90m23:11:51[39m] Starting [32mcompilation[39m...
[[90m23:11:55[39m] Finished [36mcompile-extension:markdown-language-features[39m after [35m70656 ms[39m
[[90m23:11:57[39m] Finished [32mcompilation[39m[34m extensions[39m with 0 errors after [35m80566 ms[39m
[[90m23:11:57[39m] Finished [36mcompile-extension:terminal-suggest[39m after [35m71212 ms[39m
[[90m23:11:57[39m] Finished [36mcompile-extension:typescript-language-features[39m after [35m72323 ms[39m
[[90m23:11:57[39m] Starting [36mcompile-extensions[39m ...
[[90m23:11:57[39m] Finished [36mcompile-extensions[39m after [35m0 ms[39m
[[90m23:14:35[39m] [31mError[39m: C:/Users/Dell/Desktop/Void/void/src/vs/workbench/contrib/beam/browser/toolsService.ts(43,2): Declaration or statement expected.
[[90m23:14:35[39m] [31mError[39m: C:/Users/Dell/Desktop/Void/void/src/vs/workbench/contrib/beam/browser/toolsService.ts(44,2): Declaration or statement expected.
[[90m23:14:35[39m] [31mError[39m: C:/Users/Dell/Desktop/Void/void/src/vs/workbench/contrib/beam/browser/toolsService.ts(45,2): Declaration or statement expected.
[[90m23:14:35[39m] [31mError[39m: C:/Users/Dell/Desktop/Void/void/src/vs/workbench/contrib/beam/browser/toolsService.ts(48,16): Expression expected.
[[90m23:14:35[39m] [31mError[39m: C:/Users/Dell/Desktop/Void/void/src/vs/workbench/contrib/beam/browser/toolsService.ts(48,17): ',' expected.
[[90m23:14:35[39m] [31mError[39m: C:/Users/Dell/Desktop/Void/void/src/vs/workbench/contrib/beam/browser/toolsService.ts(48,28): ',' expected.
[[90m23:14:35[39m] [31mError[39m: C:/Users/Dell/Desktop/Void/void/src/vs/workbench/contrib/beam/browser/toolsService.ts(49,28): Expression expected.
[[90m23:14:35[39m] [31mError[39m: C:/Users/Dell/Desktop/Void/void/src/vs/workbench/contrib/beam/browser/toolsService.ts(49,29): ',' expected.
[[90m23:14:35[39m] [31mError[39m: C:/Users/Dell/Desktop/Void/void/src/vs/workbench/contrib/beam/browser/toolsService.ts(49,52): ',' expected.
[[90m23:14:35[39m] [31mError[39m: C:/Users/Dell/Desktop/Void/void/src/vs/workbench/contrib/beam/browser/toolsService.ts(50,18): Expression expected.
[[90m23:14:35[39m] [31mError[39m: C:/Users/Dell/Desktop/Void/void/src/vs/workbench/contrib/beam/browser/toolsService.ts(50,19): ',' expected.
[[90m23:14:35[39m] [31mError[39m: C:/Users/Dell/Desktop/Void/void/src/vs/workbench/contrib/beam/browser/toolsService.ts(50,32): ',' expected.
[[90m23:14:35[39m] [31mError[39m: C:/Users/Dell/Desktop/Void/void/src/vs/workbench/contrib/beam/browser/toolsService.ts(51,25): Expression expected.
[[90m23:14:35[39m] [31mError[39m: C:/Users/Dell/Desktop/Void/void/src/vs/workbench/contrib/beam/browser/toolsService.ts(51,26): ',' expected.
[[90m23:14:35[39m] [31mError[39m: C:/Users/Dell/Desktop/Void/void/src/vs/workbench/contrib/beam/browser/toolsService.ts(51,46): ',' expected.
[[90m23:14:35[39m] [31mError[39m: C:/Users/Dell/Desktop/Void/void/src/vs/workbench/contrib/beam/browser/toolsService.ts(52,21): Expression expected.
[[90m23:14:35[39m] [31mError[39m: C:/Users/Dell/Desktop/Void/void/src/vs/workbench/contrib/beam/browser/toolsService.ts(52,22): ',' expected.
[[90m23:14:35[39m] [31mError[39m: C:/Users/Dell/Desktop/Void/void/src/vs/workbench/contrib/beam/browser/toolsService.ts(52,38): ',' expected.
[[90m23:14:35[39m] [31mError[39m: C:/Users/Dell/Desktop/Void/void/src/vs/workbench/contrib/beam/browser/toolsService.ts(53,20): Expression expected.
[[90m23:14:35[39m] [31mError[39m: C:/Users/Dell/Desktop/Void/void/src/vs/workbench/contrib/beam/browser/toolsService.ts(53,21): ',' expected.
[[90m23:14:35[39m] [31mError[39m: C:/Users/Dell/Desktop/Void/void/src/vs/workbench/contrib/beam/browser/toolsService.ts(53,36): ',' expected.
[[90m23:14:35[39m] [31mError[39m: C:/Users/Dell/Desktop/Void/void/src/vs/workbench/contrib/beam/browser/toolsService.ts(54,41): Expression expected.
[[90m23:14:35[39m] [31mError[39m: C:/Users/Dell/Desktop/Void/void/src/vs/workbench/contrib/beam/browser/toolsService.ts(54,42): ',' expected.
[[90m23:14:35[39m] [31mError[39m: C:/Users/Dell/Desktop/Void/void/src/vs/workbench/contrib/beam/browser/toolsService.ts(54,61): ',' expected.
[[90m23:14:35[39m] [31mError[39m: C:/Users/Dell/Desktop/Void/void/src/vs/workbench/contrib/beam/browser/toolsService.ts(55,43): Expression expected.
[[90m23:14:35[39m] [31mError[39m: C:/Users/Dell/Desktop/Void/void/src/vs/workbench/contrib/beam/browser/toolsService.ts(55,44): ',' expected.
[[90m23:14:35[39m] [31mError[39m: C:/Users/Dell/Desktop/Void/void/src/vs/workbench/contrib/beam/browser/toolsService.ts(55,61): ',' expected.
[[90m23:14:35[39m] [31mError[39m: C:/Users/Dell/Desktop/Void/void/src/vs/workbench/contrib/beam/browser/toolsService.ts(56,41): Expression expected.
[[90m23:14:35[39m] [31mError[39m: C:/Users/Dell/Desktop/Void/void/src/vs/workbench/contrib/beam/browser/toolsService.ts(56,42): ',' expected.
[[90m23:14:35[39m] [31mError[39m: C:/Users/Dell/Desktop/Void/void/src/vs/workbench/contrib/beam/browser/toolsService.ts(56,61): ',' expected.
[[90m23:14:35[39m] [31mError[39m: C:/Users/Dell/Desktop/Void/void/src/vs/workbench/contrib/beam/browser/toolsService.ts(57,35): Expression expected.
[[90m23:14:35[39m] [31mError[39m: C:/Users/Dell/Desktop/Void/void/src/vs/workbench/contrib/beam/browser/toolsService.ts(57,36): ',' expected.
[[90m23:14:35[39m] [31mError[39m: C:/Users/Dell/Desktop/Void/void/src/vs/workbench/contrib/beam/browser/toolsService.ts(57,49): ',' expected.
[[90m23:14:35[39m] [31mError[39m: C:/Users/Dell/Desktop/Void/void/src/vs/workbench/contrib/beam/browser/toolsService.ts(58,41): Expression expected.
[[90m23:14:35[39m] [31mError[39m: C:/Users/Dell/Desktop/Void/void/src/vs/workbench/contrib/beam/browser/toolsService.ts(58,42): ',' expected.
[[90m23:14:35[39m] [31mError[39m: C:/Users/Dell/Desktop/Void/void/src/vs/workbench/contrib/beam/browser/toolsService.ts(58,61): ',' expected.
[[90m23:14:35[39m] [31mError[39m: C:/Users/Dell/Desktop/Void/void/src/vs/workbench/contrib/beam/browser/toolsService.ts(59,4): ';' expected.
[[90m23:14:35[39m] [31mError[39m: C:/Users/Dell/Desktop/Void/void/src/vs/workbench/contrib/beam/browser/toolsService.ts(510,2): Declaration or statement expected.
[[90m23:14:35[39m] [31mError[39m: C:/Users/Dell/Desktop/Void/void/src/vs/workbench/contrib/beam/browser/toolsService.ts(510,28): ',' expected.
[[90m23:14:35[39m] [31mError[39m: C:/Users/Dell/Desktop/Void/void/src/vs/workbench/contrib/beam/browser/toolsService.ts(510,34): ';' expected.
[[90m23:14:35[39m] [31mError[39m: C:/Users/Dell/Desktop/Void/void/src/vs/workbench/contrib/beam/browser/toolsService.ts(510,64): An element access expression should take an argument.
[[90m23:14:35[39m] [31mError[39m: C:/Users/Dell/Desktop/Void/void/src/vs/workbench/contrib/beam/browser/toolsService.ts(527,1): Declaration or statement expected.
[[90m23:14:35[39m] Finished [32mcompilation[39m with 42 errors after [35m163853 ms[39m
[[90m23:14:35[39m] [31mError[39m: C:/Users/Dell/Desktop/Void/void/src/vs/workbench/contrib/beam/browser/toolsService.ts(43,2): Declaration or statement expected.
[[90m23:14:35[39m] [31mError[39m: C:/Users/Dell/Desktop/Void/void/src/vs/workbench/contrib/beam/browser/toolsService.ts(44,2): Declaration or statement expected.
[[90m23:14:35[39m] [31mError[39m: C:/Users/Dell/Desktop/Void/void/src/vs/workbench/contrib/beam/browser/toolsService.ts(45,2): Declaration or statement expected.
[[90m23:14:35[39m] [31mError[39m: C:/Users/Dell/Desktop/Void/void/src/vs/workbench/contrib/beam/browser/toolsService.ts(48,16): Expression expected.
[[90m23:14:35[39m] [31mError[39m: C:/Users/Dell/Desktop/Void/void/src/vs/workbench/contrib/beam/browser/toolsService.ts(48,17): ',' expected.
[[90m23:14:35[39m] [31mError[39m: C:/Users/Dell/Desktop/Void/void/src/vs/workbench/contrib/beam/browser/toolsService.ts(48,28): ',' expected.
[[90m23:14:35[39m] [31mError[39m: C:/Users/Dell/Desktop/Void/void/src/vs/workbench/contrib/beam/browser/toolsService.ts(49,28): Expression expected.
[[90m23:14:35[39m] [31mError[39m: C:/Users/Dell/Desktop/Void/void/src/vs/workbench/contrib/beam/browser/toolsService.ts(49,29): ',' expected.
[[90m23:14:35[39m] [31mError[39m: C:/Users/Dell/Desktop/Void/void/src/vs/workbench/contrib/beam/browser/toolsService.ts(49,52): ',' expected.
[[90m23:14:35[39m] [31mError[39m: C:/Users/Dell/Desktop/Void/void/src/vs/workbench/contrib/beam/browser/toolsService.ts(50,18): Expression expected.
[[90m23:14:35[39m] [31mError[39m: C:/Users/Dell/Desktop/Void/void/src/vs/workbench/contrib/beam/browser/toolsService.ts(50,19): ',' expected.
[[90m23:14:35[39m] [31mError[39m: C:/Users/Dell/Desktop/Void/void/src/vs/workbench/contrib/beam/browser/toolsService.ts(50,32): ',' expected.
[[90m23:14:35[39m] [31mError[39m: C:/Users/Dell/Desktop/Void/void/src/vs/workbench/contrib/beam/browser/toolsService.ts(51,25): Expression expected.
[[90m23:14:35[39m] [31mError[39m: C:/Users/Dell/Desktop/Void/void/src/vs/workbench/contrib/beam/browser/toolsService.ts(51,26): ',' expected.
[[90m23:14:35[39m] [31mError[39m: C:/Users/Dell/Desktop/Void/void/src/vs/workbench/contrib/beam/browser/toolsService.ts(51,46): ',' expected.
[[90m23:14:35[39m] [31mError[39m: C:/Users/Dell/Desktop/Void/void/src/vs/workbench/contrib/beam/browser/toolsService.ts(52,21): Expression expected.
[[90m23:14:35[39m] [31mError[39m: C:/Users/Dell/Desktop/Void/void/src/vs/workbench/contrib/beam/browser/toolsService.ts(52,22): ',' expected.
[[90m23:14:35[39m] [31mError[39m: C:/Users/Dell/Desktop/Void/void/src/vs/workbench/contrib/beam/browser/toolsService.ts(52,38): ',' expected.
[[90m23:14:35[39m] [31mError[39m: C:/Users/Dell/Desktop/Void/void/src/vs/workbench/contrib/beam/browser/toolsService.ts(53,20): Expression expected.
[[90m23:14:35[39m] [31mError[39m: C:/Users/Dell/Desktop/Void/void/src/vs/workbench/contrib/beam/browser/toolsService.ts(53,21): ',' expected.
[[90m23:14:35[39m] [31mError[39m: C:/Users/Dell/Desktop/Void/void/src/vs/workbench/contrib/beam/browser/toolsService.ts(53,36): ',' expected.
[[90m23:14:35[39m] [31mError[39m: C:/Users/Dell/Desktop/Void/void/src/vs/workbench/contrib/beam/browser/toolsService.ts(54,41): Expression expected.
[[90m23:14:35[39m] [31mError[39m: C:/Users/Dell/Desktop/Void/void/src/vs/workbench/contrib/beam/browser/toolsService.ts(54,42): ',' expected.
[[90m23:14:35[39m] [31mError[39m: C:/Users/Dell/Desktop/Void/void/src/vs/workbench/contrib/beam/browser/toolsService.ts(54,61): ',' expected.
[[90m23:14:35[39m] [31mError[39m: C:/Users/Dell/Desktop/Void/void/src/vs/workbench/contrib/beam/browser/toolsService.ts(55,43): Expression expected.
[[90m23:14:35[39m] [31mError[39m: C:/Users/Dell/Desktop/Void/void/src/vs/workbench/contrib/beam/browser/toolsService.ts(55,44): ',' expected.
[[90m23:14:35[39m] [31mError[39m: C:/Users/Dell/Desktop/Void/void/src/vs/workbench/contrib/beam/browser/toolsService.ts(55,61): ',' expected.
[[90m23:14:35[39m] [31mError[39m: C:/Users/Dell/Desktop/Void/void/src/vs/workbench/contrib/beam/browser/toolsService.ts(56,41): Expression expected.
[[90m23:14:35[39m] [31mError[39m: C:/Users/Dell/Desktop/Void/void/src/vs/workbench/contrib/beam/browser/toolsService.ts(56,42): ',' expected.
[[90m23:14:35[39m] [31mError[39m: C:/Users/Dell/Desktop/Void/void/src/vs/workbench/contrib/beam/browser/toolsService.ts(56,61): ',' expected.
[[90m23:14:35[39m] [31mError[39m: C:/Users/Dell/Desktop/Void/void/src/vs/workbench/contrib/beam/browser/toolsService.ts(57,35): Expression expected.
[[90m23:14:35[39m] [31mError[39m: C:/Users/Dell/Desktop/Void/void/src/vs/workbench/contrib/beam/browser/toolsService.ts(57,36): ',' expected.
[[90m23:14:35[39m] [31mError[39m: C:/Users/Dell/Desktop/Void/void/src/vs/workbench/contrib/beam/browser/toolsService.ts(57,49): ',' expected.
[[90m23:14:35[39m] [31mError[39m: C:/Users/Dell/Desktop/Void/void/src/vs/workbench/contrib/beam/browser/toolsService.ts(58,41): Expression expected.
[[90m23:14:35[39m] [31mError[39m: C:/Users/Dell/Desktop/Void/void/src/vs/workbench/contrib/beam/browser/toolsService.ts(58,42): ',' expected.
[[90m23:14:35[39m] [31mError[39m: C:/Users/Dell/Desktop/Void/void/src/vs/workbench/contrib/beam/browser/toolsService.ts(58,61): ',' expected.
[[90m23:14:35[39m] [31mError[39m: C:/Users/Dell/Desktop/Void/void/src/vs/workbench/contrib/beam/browser/toolsService.ts(59,4): ';' expected.
[[90m23:14:35[39m] [31mError[39m: C:/Users/Dell/Desktop/Void/void/src/vs/workbench/contrib/beam/browser/toolsService.ts(510,2): Declaration or statement expected.
[[90m23:14:35[39m] [31mError[39m: C:/Users/Dell/Desktop/Void/void/src/vs/workbench/contrib/beam/browser/toolsService.ts(510,28): ',' expected.
[[90m23:14:35[39m] [31mError[39m: C:/Users/Dell/Desktop/Void/void/src/vs/workbench/contrib/beam/browser/toolsService.ts(510,34): ';' expected.
[[90m23:14:35[39m] [31mError[39m: C:/Users/Dell/Desktop/Void/void/src/vs/workbench/contrib/beam/browser/toolsService.ts(510,64): An element access expression should take an argument.
[[90m23:14:35[39m] [31mError[39m: C:/Users/Dell/Desktop/Void/void/src/vs/workbench/contrib/beam/browser/toolsService.ts(527,1): Declaration or statement expected.
[[90m23:14:35[39m] Finished [32mcompilation[39m with 42 errors after [35m163857 ms[39m
npm : [[90m23:14:35[39m] 'compile' errored after 4 min
At line:1 char:1
+ npm run compile > compile_errors.txt 2>&1
+ ~~~~~~~~~~~~~~~~~~~~~~~~~~~~~~~~~~~~~~~~~
    + CategoryInfo          : NotSpecified: ([[90m23:14:35...red after 4 min:String) [], RemoteException
    + FullyQualifiedErrorId : NativeCommandError
 
[[90m23:14:35[39m] Error: Found 42 errors
    at Stream.<anonymous> (C:\Users\Dell\Desktop\Void\void\build\lib\reporter.js:94:29)
    at _end (C:\Users\Dell\Desktop\Void\void\node_modules\through\index.js:65:9)
    at stream.end (C:\Users\Dell\Desktop\Void\void\node_modules\through\index.js:74:5)
    at Stream.onend (node:internal/streams/legacy:48:10)
    at Stream.emit (node:events:530:35)
    at Stream.emit (node:domain:552:15)
    at drain (C:\Users\Dell\Desktop\Void\void\node_modules\through\index.js:34:23)
    at stream.queue.stream.push (C:\Users\Dell\Desktop\Void\void\node_modules\through\index.js:45:5)
    at Stream.end (C:\Users\Dell\Desktop\Void\void\node_modules\through\index.js:15:35)
    at _end (C:\Users\Dell\Desktop\Void\void\node_modules\through\index.js:65:9)
